<?xml version="1.0" encoding="UTF-8"?>
<testsuites name="Mocha Tests" time="0.011" tests="6" failures="1">
  <testsuite name="Root Suite" timestamp="2024-10-21T16:05:59" tests="0" time="0.000" failures="0">
  </testsuite>
  <testsuite name="Password Generator Tests" timestamp="2024-10-21T16:05:59" tests="6" file="C:\Users\ASUS\web-technology-mid-test-fnrss\test\test.js" time="0.009" failures="1">
    <testcase name="Password Generator Tests should generate a password of the specified length" time="0.001" classname="should generate a password of the specified length">
    </testcase>
    <testcase name="Password Generator Tests should contain uppercase letters if selected" time="0.000" classname="should contain uppercase letters if selected">
    </testcase>
    <testcase name="Password Generator Tests should contain lowercase letters if selected" time="0.000" classname="should contain lowercase letters if selected">
    </testcase>
    <testcase name="Password Generator Tests should contain numbers if selected" time="0.000" classname="should contain numbers if selected">
    </testcase>
    <testcase name="Password Generator Tests should contain special characters if selected" time="0.000" classname="should contain special characters if selected">
    </testcase>
    <testcase name="Password Generator Tests should throw an error if no character type is selected" time="0.001" classname="should throw an error if no character type is selected">
      <failure message="expected [Function] to throw error including &apos;At least one character type must be s…&apos; but got &apos;Please select at least one option for…&apos;" type="AssertionError"><![CDATA[AssertionError: expected [Function] to throw error including 'At least one character type must be s…' but got 'Please select at least one option for…'
    at Context.<anonymous> (test\/test.js:76:21)
    at processImmediate (node:internal/timers:478:21)

      + expected - actual

      -Please select at least one option for password generation!
      +At least one character type must be selected.
      ]]></failure>
    </testcase>
  </testsuite>
</testsuites>